// Jest Snapshot v1, https://goo.gl/fbAQLP

exports[`App snapshot test 1`] = `
<button
  className="btn toggle-btn"
  onClick={[Function]}
  type="button"
>
  <span
    className="visually-hidden"
  >
    Show 
  </span>
  <span />
  <span
    className="visually-hidden"
  >
     tasks
  </span>
</button>
`;
